22:13:58 **** Build of configuration Debug for project Bai6-LapTrinhThuVienChoGPIO ****
make -j4 all 
arm-none-eabi-gcc -mcpu=cortex-m4 -g3 -DDEBUG -c -x assembler-with-cpp -MMD -MP -MF"Startup/startup_stm32f401retx.d" -MT"Startup/startup_stm32f401retx.o" --specs=nano.specs -mfpu=fpv4-sp-d16 -mfloat-abi=hard -mthumb -o "Startup/startup_stm32f401retx.o" "../Startup/startup_stm32f401retx.s"
arm-none-eabi-gcc "../Src/Bai1.c" -mcpu=cortex-m4 -std=gnu11 -g3 -DDEBUG -DNUCLEO_F401RE -DSTM32 -DSTM32F401RETx -DSTM32F4 -c -I../Inc -I"C:/Users/PC/Downloads/SDK_1.0.3_NUCLEO-F401RE/shared/Drivers/CMSIS/Include" -I"C:/Users/PC/Downloads/SDK_1.0.3_NUCLEO-F401RE/shared/Drivers/STM32F401RE_StdPeriph_Driver/inc" -I"C:/Users/PC/Downloads/SDK_1.0.3_NUCLEO-F401RE/shared/Middle/button" -I"C:/Users/PC/Downloads/SDK_1.0.3_NUCLEO-F401RE/shared/Middle/buzzer" -I"C:/Users/PC/Downloads/SDK_1.0.3_NUCLEO-F401RE/shared/Middle/led" -I"C:/Users/PC/Downloads/SDK_1.0.3_NUCLEO-F401RE/shared/Middle/rtos" -I"C:/Users/PC/Downloads/SDK_1.0.3_NUCLEO-F401RE/shared/Middle/sensor" -I"C:/Users/PC/Downloads/SDK_1.0.3_NUCLEO-F401RE/shared/Middle/serial" -I"C:/Users/PC/Downloads/SDK_1.0.3_NUCLEO-F401RE/shared/Middle/ucglib" -I"C:/Users/PC/Downloads/SDK_1.0.3_NUCLEO-F401RE/shared/Utilities" -O0 -ffunction-sections -fdata-sections -Wall -fstack-usage -MMD -MP -MF"Src/Bai1.d" -MT"Src/Bai1.o" --specs=nano.specs -mfpu=fpv4-sp-d16 -mfloat-abi=hard -mthumb -o "Src/Bai1.o"
arm-none-eabi-gcc "../Src/syscalls.c" -mcpu=cortex-m4 -std=gnu11 -g3 -DDEBUG -DNUCLEO_F401RE -DSTM32 -DSTM32F401RETx -DSTM32F4 -c -I../Inc -I"C:/Users/PC/Downloads/SDK_1.0.3_NUCLEO-F401RE/shared/Drivers/CMSIS/Include" -I"C:/Users/PC/Downloads/SDK_1.0.3_NUCLEO-F401RE/shared/Drivers/STM32F401RE_StdPeriph_Driver/inc" -I"C:/Users/PC/Downloads/SDK_1.0.3_NUCLEO-F401RE/shared/Middle/button" -I"C:/Users/PC/Downloads/SDK_1.0.3_NUCLEO-F401RE/shared/Middle/buzzer" -I"C:/Users/PC/Downloads/SDK_1.0.3_NUCLEO-F401RE/shared/Middle/led" -I"C:/Users/PC/Downloads/SDK_1.0.3_NUCLEO-F401RE/shared/Middle/rtos" -I"C:/Users/PC/Downloads/SDK_1.0.3_NUCLEO-F401RE/shared/Middle/sensor" -I"C:/Users/PC/Downloads/SDK_1.0.3_NUCLEO-F401RE/shared/Middle/serial" -I"C:/Users/PC/Downloads/SDK_1.0.3_NUCLEO-F401RE/shared/Middle/ucglib" -I"C:/Users/PC/Downloads/SDK_1.0.3_NUCLEO-F401RE/shared/Utilities" -O0 -ffunction-sections -fdata-sections -Wall -fstack-usage -MMD -MP -MF"Src/syscalls.d" -MT"Src/syscalls.o" --specs=nano.specs -mfpu=fpv4-sp-d16 -mfloat-abi=hard -mthumb -o "Src/syscalls.o"
arm-none-eabi-gcc "../Src/sysmem.c" -mcpu=cortex-m4 -std=gnu11 -g3 -DDEBUG -DNUCLEO_F401RE -DSTM32 -DSTM32F401RETx -DSTM32F4 -c -I../Inc -I"C:/Users/PC/Downloads/SDK_1.0.3_NUCLEO-F401RE/shared/Drivers/CMSIS/Include" -I"C:/Users/PC/Downloads/SDK_1.0.3_NUCLEO-F401RE/shared/Drivers/STM32F401RE_StdPeriph_Driver/inc" -I"C:/Users/PC/Downloads/SDK_1.0.3_NUCLEO-F401RE/shared/Middle/button" -I"C:/Users/PC/Downloads/SDK_1.0.3_NUCLEO-F401RE/shared/Middle/buzzer" -I"C:/Users/PC/Downloads/SDK_1.0.3_NUCLEO-F401RE/shared/Middle/led" -I"C:/Users/PC/Downloads/SDK_1.0.3_NUCLEO-F401RE/shared/Middle/rtos" -I"C:/Users/PC/Downloads/SDK_1.0.3_NUCLEO-F401RE/shared/Middle/sensor" -I"C:/Users/PC/Downloads/SDK_1.0.3_NUCLEO-F401RE/shared/Middle/serial" -I"C:/Users/PC/Downloads/SDK_1.0.3_NUCLEO-F401RE/shared/Middle/ucglib" -I"C:/Users/PC/Downloads/SDK_1.0.3_NUCLEO-F401RE/shared/Utilities" -O0 -ffunction-sections -fdata-sections -Wall -fstack-usage -MMD -MP -MF"Src/sysmem.d" -MT"Src/sysmem.o" --specs=nano.specs -mfpu=fpv4-sp-d16 -mfloat-abi=hard -mthumb -o "Src/sysmem.o"
arm-none-eabi-gcc "C:/Users/PC/Downloads/SDK_1.0.3_NUCLEO-F401RE/shared/Utilities/buff.c" -mcpu=cortex-m4 -std=gnu11 -g3 -DDEBUG -DNUCLEO_F401RE -DSTM32 -DSTM32F401RETx -DSTM32F4 -c -I../Inc -I"C:/Users/PC/Downloads/SDK_1.0.3_NUCLEO-F401RE/shared/Drivers/CMSIS/Include" -I"C:/Users/PC/Downloads/SDK_1.0.3_NUCLEO-F401RE/shared/Drivers/STM32F401RE_StdPeriph_Driver/inc" -I"C:/Users/PC/Downloads/SDK_1.0.3_NUCLEO-F401RE/shared/Middle/button" -I"C:/Users/PC/Downloads/SDK_1.0.3_NUCLEO-F401RE/shared/Middle/buzzer" -I"C:/Users/PC/Downloads/SDK_1.0.3_NUCLEO-F401RE/shared/Middle/led" -I"C:/Users/PC/Downloads/SDK_1.0.3_NUCLEO-F401RE/shared/Middle/rtos" -I"C:/Users/PC/Downloads/SDK_1.0.3_NUCLEO-F401RE/shared/Middle/sensor" -I"C:/Users/PC/Downloads/SDK_1.0.3_NUCLEO-F401RE/shared/Middle/serial" -I"C:/Users/PC/Downloads/SDK_1.0.3_NUCLEO-F401RE/shared/Middle/ucglib" -I"C:/Users/PC/Downloads/SDK_1.0.3_NUCLEO-F401RE/shared/Utilities" -O0 -ffunction-sections -fdata-sections -Wall -fstack-usage -MMD -MP -MF"SDK_1.0.3_NUCLEO-F401RE/shared/Utilities/buff.d" -MT"SDK_1.0.3_NUCLEO-F401RE/shared/Utilities/buff.o" --specs=nano.specs -mfpu=fpv4-sp-d16 -mfloat-abi=hard -mthumb -o "SDK_1.0.3_NUCLEO-F401RE/shared/Utilities/buff.o"
arm-none-eabi-gcc "C:/Users/PC/Downloads/SDK_1.0.3_NUCLEO-F401RE/shared/Utilities/utilities.c" -mcpu=cortex-m4 -std=gnu11 -g3 -DDEBUG -DNUCLEO_F401RE -DSTM32 -DSTM32F401RETx -DSTM32F4 -c -I../Inc -I"C:/Users/PC/Downloads/SDK_1.0.3_NUCLEO-F401RE/shared/Drivers/CMSIS/Include" -I"C:/Users/PC/Downloads/SDK_1.0.3_NUCLEO-F401RE/shared/Drivers/STM32F401RE_StdPeriph_Driver/inc" -I"C:/Users/PC/Downloads/SDK_1.0.3_NUCLEO-F401RE/shared/Middle/button" -I"C:/Users/PC/Downloads/SDK_1.0.3_NUCLEO-F401RE/shared/Middle/buzzer" -I"C:/Users/PC/Downloads/SDK_1.0.3_NUCLEO-F401RE/shared/Middle/led" -I"C:/Users/PC/Downloads/SDK_1.0.3_NUCLEO-F401RE/shared/Middle/rtos" -I"C:/Users/PC/Downloads/SDK_1.0.3_NUCLEO-F401RE/shared/Middle/sensor" -I"C:/Users/PC/Downloads/SDK_1.0.3_NUCLEO-F401RE/shared/Middle/serial" -I"C:/Users/PC/Downloads/SDK_1.0.3_NUCLEO-F401RE/shared/Middle/ucglib" -I"C:/Users/PC/Downloads/SDK_1.0.3_NUCLEO-F401RE/shared/Utilities" -O0 -ffunction-sections -fdata-sections -Wall -fstack-usage -MMD -MP -MF"SDK_1.0.3_NUCLEO-F401RE/shared/Utilities/utilities.d" -MT"SDK_1.0.3_NUCLEO-F401RE/shared/Utilities/utilities.o" --specs=nano.specs -mfpu=fpv4-sp-d16 -mfloat-abi=hard -mthumb -o "SDK_1.0.3_NUCLEO-F401RE/shared/Utilities/utilities.o"
arm-none-eabi-gcc "C:/Users/PC/Downloads/SDK_1.0.3_NUCLEO-F401RE/shared/Drivers/STM32F401RE_StdPeriph_Driver/src/stm32f401re_rcc.c" -mcpu=cortex-m4 -std=gnu11 -g3 -DDEBUG -DNUCLEO_F401RE -DSTM32 -DSTM32F401RETx -DSTM32F4 -c -I../Inc -I"C:/Users/PC/Downloads/SDK_1.0.3_NUCLEO-F401RE/shared/Drivers/CMSIS/Include" -I"C:/Users/PC/Downloads/SDK_1.0.3_NUCLEO-F401RE/shared/Drivers/STM32F401RE_StdPeriph_Driver/inc" -I"C:/Users/PC/Downloads/SDK_1.0.3_NUCLEO-F401RE/shared/Middle/button" -I"C:/Users/PC/Downloads/SDK_1.0.3_NUCLEO-F401RE/shared/Middle/buzzer" -I"C:/Users/PC/Downloads/SDK_1.0.3_NUCLEO-F401RE/shared/Middle/led" -I"C:/Users/PC/Downloads/SDK_1.0.3_NUCLEO-F401RE/shared/Middle/rtos" -I"C:/Users/PC/Downloads/SDK_1.0.3_NUCLEO-F401RE/shared/Middle/sensor" -I"C:/Users/PC/Downloads/SDK_1.0.3_NUCLEO-F401RE/shared/Middle/serial" -I"C:/Users/PC/Downloads/SDK_1.0.3_NUCLEO-F401RE/shared/Middle/ucglib" -I"C:/Users/PC/Downloads/SDK_1.0.3_NUCLEO-F401RE/shared/Utilities" -O0 -ffunction-sections -fdata-sections -Wall -fstack-usage -MMD -MP -MF"SDK_1.0.3_NUCLEO-F401RE/shared/Drivers/STM32F401RE_StdPeriph_Driver/src/stm32f401re_rcc.d" -MT"SDK_1.0.3_NUCLEO-F401RE/shared/Drivers/STM32F401RE_StdPeriph_Driver/src/stm32f401re_rcc.o" --specs=nano.specs -mfpu=fpv4-sp-d16 -mfloat-abi=hard -mthumb -o "SDK_1.0.3_NUCLEO-F401RE/shared/Drivers/STM32F401RE_StdPeriph_Driver/src/stm32f401re_rcc.o"
arm-none-eabi-gcc "C:/Users/PC/Downloads/SDK_1.0.3_NUCLEO-F401RE/shared/Drivers/CMSIS/Source/system_stm32f4xx.c" -mcpu=cortex-m4 -std=gnu11 -g3 -DDEBUG -DNUCLEO_F401RE -DSTM32 -DSTM32F401RETx -DSTM32F4 -c -I../Inc -I"C:/Users/PC/Downloads/SDK_1.0.3_NUCLEO-F401RE/shared/Drivers/CMSIS/Include" -I"C:/Users/PC/Downloads/SDK_1.0.3_NUCLEO-F401RE/shared/Drivers/STM32F401RE_StdPeriph_Driver/inc" -I"C:/Users/PC/Downloads/SDK_1.0.3_NUCLEO-F401RE/shared/Middle/button" -I"C:/Users/PC/Downloads/SDK_1.0.3_NUCLEO-F401RE/shared/Middle/buzzer" -I"C:/Users/PC/Downloads/SDK_1.0.3_NUCLEO-F401RE/shared/Middle/led" -I"C:/Users/PC/Downloads/SDK_1.0.3_NUCLEO-F401RE/shared/Middle/rtos" -I"C:/Users/PC/Downloads/SDK_1.0.3_NUCLEO-F401RE/shared/Middle/sensor" -I"C:/Users/PC/Downloads/SDK_1.0.3_NUCLEO-F401RE/shared/Middle/serial" -I"C:/Users/PC/Downloads/SDK_1.0.3_NUCLEO-F401RE/shared/Middle/ucglib" -I"C:/Users/PC/Downloads/SDK_1.0.3_NUCLEO-F401RE/shared/Utilities" -O0 -ffunction-sections -fdata-sections -Wall -fstack-usage -MMD -MP -MF"SDK_1.0.3_NUCLEO-F401RE/shared/Drivers/CMSIS/Source/system_stm32f4xx.d" -MT"SDK_1.0.3_NUCLEO-F401RE/shared/Drivers/CMSIS/Source/system_stm32f4xx.o" --specs=nano.specs -mfpu=fpv4-sp-d16 -mfloat-abi=hard -mthumb -o "SDK_1.0.3_NUCLEO-F401RE/shared/Drivers/CMSIS/Source/system_stm32f4xx.o"
arm-none-eabi-gcc -o "Bai6-LapTrinhThuVienChoGPIO.elf" @"objects.list"  -lLibraries -mcpu=cortex-m4 -T"C:\Users\PC\Desktop\New folder\DangLocTai-HeThongNhungIOT\Bai6-LapTrinhThuVienChoGPIO\STM32F401RETX_FLASH.ld" --specs=nosys.specs -Wl,-Map="Bai6-LapTrinhThuVienChoGPIO.map" -Wl,--gc-sections -static -L"C:\Users\PC\Downloads\SDK_1.0.3_NUCLEO-F401RE\lib_stm" --specs=nano.specs -mfpu=fpv4-sp-d16 -mfloat-abi=hard -mthumb -Wl,--start-group -lc -lm -Wl,--end-group
Finished building target: Bai6-LapTrinhThuVienChoGPIO.elf
 
arm-none-eabi-size   Bai6-LapTrinhThuVienChoGPIO.elf 
arm-none-eabi-objdump -h -S  Bai6-LapTrinhThuVienChoGPIO.elf  > "Bai6-LapTrinhThuVienChoGPIO.list"
arm-none-eabi-objcopy  -O ihex  Bai6-LapTrinhThuVienChoGPIO.elf  "Bai6-LapTrinhThuVienChoGPIO.hex"
arm-none-eabi-objcopy  -O binary  Bai6-LapTrinhThuVienChoGPIO.elf  "Bai6-LapTrinhThuVienChoGPIO.bin"
   text	   data	    bss	    dec	    hex	filename
   1660	      8	   1568	   3236	    ca4	Bai6-LapTrinhThuVienChoGPIO.elf
Finished building: default.size.stdout
 
Finished building: Bai6-LapTrinhThuVienChoGPIO.bin
Finished building: Bai6-LapTrinhThuVienChoGPIO.hex
Finished building: Bai6-LapTrinhThuVienChoGPIO.list
 
 
 

22:14:03 Build Finished. 0 errors, 0 warnings. (took 4s.385ms)

