22:25:00 **** Incremental Build of configuration Debug for project Bai6-LapTrinhThuVienChoGPIO ****
make -j4 all 
arm-none-eabi-gcc "../Src/Bai1.c" -mcpu=cortex-m4 -std=gnu11 -g3 -DDEBUG -DNUCLEO_F401RE -DSTM32 -DSTM32F401RETx -DSTM32F4 -c -I../Inc -I"C:/Users/PC/Downloads/SDK_1.0.3_NUCLEO-F401RE/shared/Drivers/CMSIS/Include" -I"C:/Users/PC/Downloads/SDK_1.0.3_NUCLEO-F401RE/shared/Drivers/STM32F401RE_StdPeriph_Driver/inc" -I"C:/Users/PC/Downloads/SDK_1.0.3_NUCLEO-F401RE/shared/Middle/button" -I"C:/Users/PC/Downloads/SDK_1.0.3_NUCLEO-F401RE/shared/Middle/buzzer" -I"C:/Users/PC/Downloads/SDK_1.0.3_NUCLEO-F401RE/shared/Middle/led" -I"C:/Users/PC/Downloads/SDK_1.0.3_NUCLEO-F401RE/shared/Middle/rtos" -I"C:/Users/PC/Downloads/SDK_1.0.3_NUCLEO-F401RE/shared/Middle/sensor" -I"C:/Users/PC/Downloads/SDK_1.0.3_NUCLEO-F401RE/shared/Middle/serial" -I"C:/Users/PC/Downloads/SDK_1.0.3_NUCLEO-F401RE/shared/Middle/ucglib" -I"C:/Users/PC/Downloads/SDK_1.0.3_NUCLEO-F401RE/shared/Utilities" -O0 -ffunction-sections -fdata-sections -Wall -fstack-usage -MMD -MP -MF"Src/Bai1.d" -MT"Src/Bai1.o" --specs=nano.specs -mfpu=fpv4-sp-d16 -mfloat-abi=hard -mthumb -o "Src/Bai1.o"
arm-none-eabi-gcc -o "Bai6-LapTrinhThuVienChoGPIO.elf" @"objects.list"  -lLibraries -mcpu=cortex-m4 -T"C:\Users\PC\Desktop\New folder\DangLocTai-HeThongNhungIOT\Bai6-LapTrinhThuVienChoGPIO\STM32F401RETX_FLASH.ld" --specs=nosys.specs -Wl,-Map="Bai6-LapTrinhThuVienChoGPIO.map" -Wl,--gc-sections -static -L"C:\Users\PC\Downloads\SDK_1.0.3_NUCLEO-F401RE\lib_stm" --specs=nano.specs -mfpu=fpv4-sp-d16 -mfloat-abi=hard -mthumb -Wl,--start-group -lc -lm -Wl,--end-group
Finished building target: Bai6-LapTrinhThuVienChoGPIO.elf
 
arm-none-eabi-size   Bai6-LapTrinhThuVienChoGPIO.elf 
arm-none-eabi-objdump -h -S  Bai6-LapTrinhThuVienChoGPIO.elf  > "Bai6-LapTrinhThuVienChoGPIO.list"
arm-none-eabi-objcopy  -O ihex  Bai6-LapTrinhThuVienChoGPIO.elf  "Bai6-LapTrinhThuVienChoGPIO.hex"
arm-none-eabi-objcopy  -O binary  Bai6-LapTrinhThuVienChoGPIO.elf  "Bai6-LapTrinhThuVienChoGPIO.bin"
   text	   data	    bss	    dec	    hex	filename
   1676	      8	   1568	   3252	    cb4	Bai6-LapTrinhThuVienChoGPIO.elf
Finished building: default.size.stdout
Finished building: Bai6-LapTrinhThuVienChoGPIO.hex
 
Finished building: Bai6-LapTrinhThuVienChoGPIO.bin
 
 
Finished building: Bai6-LapTrinhThuVienChoGPIO.list
 

22:25:02 Build Finished. 0 errors, 0 warnings. (took 2s.433ms)

